Category: 📺央视频道, Name: CCTV-2, Total: 8, Valid: 8, Valid Percent: 100.00%, Whitelist: 0, IPv4: 8, IPv6: 0, Min Delay: 241 ms, Max Speed: 6.52 M/s, Avg Speed: 3.05 M/s, Max Resolution: 1920x1080
Category: 📺央视频道, Name: CCTV-3, Total: 10, Valid: 10, Valid Percent: 100.00%, Whitelist: 0, IPv4: 10, IPv6: 0, Min Delay: 70 ms, Max Speed: 80.08 M/s, Avg Speed: 34.00 M/s, Max Resolution: 1920x1080
Category: 📺央视频道, Name: CCTV-4, Total: 14, Valid: 14, Valid Percent: 100.00%, Whitelist: 0, IPv4: 14, IPv6: 0, Min Delay: 70 ms, Max Speed: 80.08 M/s, Avg Speed: 32.18 M/s, Max Resolution: 1920x1080
Category: 📺央视频道, Name: CCTV-5, Total: 23, Valid: 23, Valid Percent: 100.00%, Whitelist: 0, IPv4: 23, IPv6: 0, Min Delay: 70 ms, Max Speed: 80.08 M/s, Avg Speed: 21.93 M/s, Max Resolution: 1920x1080
Category: 📺央视频道, Name: CCTV-5+, Total: 5, Valid: 5, Valid Percent: 100.00%, Whitelist: 0, IPv4: 5, IPv6: 0, Min Delay: 176 ms, Max Speed: 12.23 M/s, Avg Speed: 6.81 M/s, Max Resolution: 1920x1080
Category: 📺央视频道, Name: CCTV-6, Total: 20, Valid: 20, Valid Percent: 100.00%, Whitelist: 0, IPv4: 20, IPv6: 0, Min Delay: 70 ms, Max Speed: 80.08 M/s, Avg Speed: 32.58 M/s, Max Resolution: 1920x1080
Category: 📺央视频道, Name: CCTV-7, Total: 19, Valid: 19, Valid Percent: 100.00%, Whitelist: 0, IPv4: 19, IPv6: 0, Min Delay: 70 ms, Max Speed: 80.08 M/s, Avg Speed: 33.46 M/s, Max Resolution: 1920x1080
Category: 📺央视频道, Name: CCTV-8, Total: 22, Valid: 22, Valid Percent: 100.00%, Whitelist: 0, IPv4: 22, IPv6: 0, Min Delay: 70 ms, Max Speed: 80.08 M/s, Avg Speed: 27.25 M/s, Max Resolution: 1920x1080
Category: 📺央视频道, Name: CCTV-9, Total: 19, Valid: 19, Valid Percent: 100.00%, Whitelist: 0, IPv4: 19, IPv6: 0, Min Delay: 70 ms, Max Speed: 80.08 M/s, Avg Speed: 33.45 M/s, Max Resolution: 1920x1080
Category: 📺央视频道, Name: CCTV-10, Total: 24, Valid: 24, Valid Percent: 100.00%, Whitelist: 0, IPv4: 24, IPv6: 0, Min Delay: 70 ms, Max Speed: 80.08 M/s, Avg Speed: 26.69 M/s, Max Resolution: 1920x1080
Category: 📺央视频道, Name: CCTV-11, Total: 21, Valid: 21, Valid Percent: 100.00%, Whitelist: 0, IPv4: 21, IPv6: 0, Min Delay: 70 ms, Max Speed: 80.08 M/s, Avg Speed: 27.16 M/s, Max Resolution: 1920x1080
Category: 📺央视频道, Name: CCTV-12, Total: 21, Valid: 21, Valid Percent: 100.00%, Whitelist: 0, IPv4: 21, IPv6: 0, Min Delay: 70 ms, Max Speed: 80.08 M/s, Avg Speed: 30.76 M/s, Max Resolution: 1920x1080
Category: 📺央视频道, Name: CCTV-13, Total: 21, Valid: 21, Valid Percent: 100.00%, Whitelist: 0, IPv4: 19, IPv6: 2, Min Delay: 70 ms, Max Speed: 80.08 M/s, Avg Speed: 29.90 M/s, Max Resolution: 1920x1080
Category: 📺央视频道, Name: CCTV-14, Total: 24, Valid: 24, Valid Percent: 100.00%, Whitelist: 0, IPv4: 22, IPv6: 2, Min Delay: 70 ms, Max Speed: 80.08 M/s, Avg Speed: 27.40 M/s, Max Resolution: 1920x1080
Category: 📺央视频道, Name: CCTV-15, Total: 23, Valid: 23, Valid Percent: 100.00%, Whitelist: 0, IPv4: 23, IPv6: 0, Min Delay: 70 ms, Max Speed: 80.08 M/s, Avg Speed: 28.95 M/s, Max Resolution: 1920x1080
Category: 📺央视频道, Name: CCTV-16, Total: 18, Valid: 18, Valid Percent: 100.00%, Whitelist: 0, IPv4: 18, IPv6: 0, Min Delay: 70 ms, Max Speed: 80.08 M/s, Avg Speed: 23.08 M/s, Max Resolution: 1920x1080
Category: 📺央视频道, Name: CCTV-17, Total: 20, Valid: 20, Valid Percent: 100.00%, Whitelist: 0, IPv4: 20, IPv6: 0, Min Delay: 70 ms, Max Speed: 80.08 M/s, Avg Speed: 32.23 M/s, Max Resolution: 1920x1080
Category: 📡卫视频道, Name: 广东卫视, Total: 13, Valid: 13, Valid Percent: 100.00%, Whitelist: 0, IPv4: 13, IPv6: 0, Min Delay: 70 ms, Max Speed: 80.08 M/s, Avg Speed: 39.72 M/s, Max Resolution: 1920x1080
Category: 📡卫视频道, Name: 浙江卫视, Total: 20, Valid: 20, Valid Percent: 100.00%, Whitelist: 0, IPv4: 18, IPv6: 2, Min Delay: 70 ms, Max Speed: 80.08 M/s, Avg Speed: 26.72 M/s, Max Resolution: 1920x1080
Category: 📡卫视频道, Name: 湖南卫视, Total: 22, Valid: 22, Valid Percent: 100.00%, Whitelist: 0, IPv4: 22, IPv6: 0, Min Delay: 70 ms, Max Speed: 80.08 M/s, Avg Speed: 29.67 M/s, Max Resolution: 1920x1080
Category: 📡卫视频道, Name: 北京卫视, Total: 18, Valid: 18, Valid Percent: 100.00%, Whitelist: 0, IPv4: 18, IPv6: 0, Min Delay: 70 ms, Max Speed: 80.08 M/s, Avg Speed: 30.19 M/s, Max Resolution: 1920x1080
Category: 📡卫视频道, Name: 湖北卫视, Total: 16, Valid: 16, Valid Percent: 100.00%, Whitelist: 0, IPv4: 16, IPv6: 0, Min Delay: 70 ms, Max Speed: 80.08 M/s, Avg Speed: 38.95 M/s, Max Resolution: 1920x1080
Category: 📡卫视频道, Name: 黑龙江卫视, Total: 15, Valid: 15, Valid Percent: 100.00%, Whitelist: 0, IPv4: 15, IPv6: 0, Min Delay: 70 ms, Max Speed: 80.08 M/s, Avg Speed: 40.88 M/s, Max Resolution: 1920x1080
Category: 📡卫视频道, Name: 安徽卫视, Total: 16, Valid: 16, Valid Percent: 100.00%, Whitelist: 0, IPv4: 16, IPv6: 0, Min Delay: 70 ms, Max Speed: 80.08 M/s, Avg Speed: 38.51 M/s, Max Resolution: 1920x1080
Category: 📡卫视频道, Name: 重庆卫视, Total: 17, Valid: 17, Valid Percent: 100.00%, Whitelist: 0, IPv4: 17, IPv6: 0, Min Delay: 70 ms, Max Speed: 80.08 M/s, Avg Speed: 41.37 M/s, Max Resolution: 1920x1080
Category: 📡卫视频道, Name: 东方卫视, Total: 19, Valid: 19, Valid Percent: 100.00%, Whitelist: 0, IPv4: 19, IPv6: 0, Min Delay: 70 ms, Max Speed: 80.08 M/s, Avg Speed: 37.16 M/s, Max Resolution: 1920x1080
Category: 📡卫视频道, Name: 东南卫视, Total: 16, Valid: 16, Valid Percent: 100.00%, Whitelist: 0, IPv4: 16, IPv6: 0, Min Delay: 70 ms, Max Speed: 80.08 M/s, Avg Speed: 47.92 M/s, Max Resolution: 1920x1080
Category: 📡卫视频道, Name: 甘肃卫视, Total: 11, Valid: 11, Valid Percent: 100.00%, Whitelist: 0, IPv4: 11, IPv6: 0, Min Delay: 70 ms, Max Speed: 80.08 M/s, Avg Speed: 54.03 M/s, Max Resolution: 1920x1080
Category: 📡卫视频道, Name: 广西卫视, Total: 16, Valid: 15, Valid Percent: 93.75%, Whitelist: 0, IPv4: 16, IPv6: 0, Min Delay: 70 ms, Max Speed: 80.08 M/s, Avg Speed: 50.82 M/s, Max Resolution: 1920x1080
Category: 📡卫视频道, Name: 贵州卫视, Total: 17, Valid: 17, Valid Percent: 100.00%, Whitelist: 0, IPv4: 17, IPv6: 0, Min Delay: 70 ms, Max Speed: 80.08 M/s, Avg Speed: 50.12 M/s, Max Resolution: 1920x1080
Category: 📡卫视频道, Name: 海南卫视, Total: 11, Valid: 11, Valid Percent: 100.00%, Whitelist: 0, IPv4: 11, IPv6: 0, Min Delay: 70 ms, Max Speed: 80.08 M/s, Avg Speed: 52.59 M/s, Max Resolution: 1920x1080
Category: 📡卫视频道, Name: 河北卫视, Total: 18, Valid: 18, Valid Percent: 100.00%, Whitelist: 0, IPv4: 18, IPv6: 0, Min Delay: 70 ms, Max Speed: 80.08 M/s, Avg Speed: 43.02 M/s, Max Resolution: 1920x1080
Category: 📡卫视频道, Name: 河南卫视, Total: 19, Valid: 19, Valid Percent: 100.00%, Whitelist: 0, IPv4: 19, IPv6: 0, Min Delay: 70 ms, Max Speed: 80.08 M/s, Avg Speed: 45.07 M/s, Max Resolution: 1920x1080
Category: 📡卫视频道, Name: 吉林卫视, Total: 13, Valid: 13, Valid Percent: 100.00%, Whitelist: 0, IPv4: 13, IPv6: 0, Min Delay: 70 ms, Max Speed: 80.08 M/s, Avg Speed: 40.90 M/s, Max Resolution: 1920x1080
Category: 📡卫视频道, Name: 江苏卫视, Total: 18, Valid: 18, Valid Percent: 100.00%, Whitelist: 0, IPv4: 18, IPv6: 0, Min Delay: 70 ms, Max Speed: 80.08 M/s, Avg Speed: 34.78 M/s, Max Resolution: 1920x1080
Category: 📡卫视频道, Name: 江西卫视, Total: 15, Valid: 15, Valid Percent: 100.00%, Whitelist: 0, IPv4: 15, IPv6: 0, Min Delay: 70 ms, Max Speed: 80.08 M/s, Avg Speed: 40.88 M/s, Max Resolution: 1920x1080
Category: 📡卫视频道, Name: 辽宁卫视, Total: 16, Valid: 16, Valid Percent: 100.00%, Whitelist: 0, IPv4: 16, IPv6: 0, Min Delay: 70 ms, Max Speed: 80.08 M/s, Avg Speed: 43.87 M/s, Max Resolution: 1920x1080
Category: 📡卫视频道, Name: 内蒙古卫视, Total: 13, Valid: 13, Valid Percent: 100.00%, Whitelist: 0, IPv4: 12, IPv6: 1, Min Delay: 70 ms, Max Speed: 80.08 M/s, Avg Speed: 34.59 M/s, Max Resolution: 1920x1080
Category: 📡卫视频道, Name: 宁夏卫视, Total: 13, Valid: 13, Valid Percent: 100.00%, Whitelist: 0, IPv4: 13, IPv6: 0, Min Delay: 70 ms, Max Speed: 80.08 M/s, Avg Speed: 41.06 M/s, Max Resolution: 1920x1080
Category: 📡卫视频道, Name: 青海卫视, Total: 18, Valid: 18, Valid Percent: 100.00%, Whitelist: 0, IPv4: 16, IPv6: 2, Min Delay: 70 ms, Max Speed: 80.08 M/s, Avg Speed: 38.76 M/s, Max Resolution: 1920x1080
Category: 📡卫视频道, Name: 山东卫视, Total: 16, Valid: 16, Valid Percent: 100.00%, Whitelist: 0, IPv4: 16, IPv6: 0, Min Delay: 70 ms, Max Speed: 80.08 M/s, Avg Speed: 38.92 M/s, Max Resolution: 1920x1080
Category: 📡卫视频道, Name: 山西卫视, Total: 12, Valid: 12, Valid Percent: 100.00%, Whitelist: 0, IPv4: 12, IPv6: 0, Min Delay: 70 ms, Max Speed: 80.08 M/s, Avg Speed: 37.39 M/s, Max Resolution: 1920x1080
Category: 📡卫视频道, Name: 陕西卫视, Total: 12, Valid: 12, Valid Percent: 100.00%, Whitelist: 0, IPv4: 12, IPv6: 0, Min Delay: 70 ms, Max Speed: 80.08 M/s, Avg Speed: 25.24 M/s, Max Resolution: 1920x1080
Category: 📡卫视频道, Name: 四川卫视, Total: 18, Valid: 18, Valid Percent: 100.00%, Whitelist: 0, IPv4: 18, IPv6: 0, Min Delay: 70 ms, Max Speed: 80.08 M/s, Avg Speed: 47.41 M/s, Max Resolution: 1920x1080
Category: 📡卫视频道, Name: 深圳卫视, Total: 16, Valid: 16, Valid Percent: 100.00%, Whitelist: 0, IPv4: 16, IPv6: 0, Min Delay: 70 ms, Max Speed: 80.08 M/s, Avg Speed: 38.51 M/s, Max Resolution: 1920x1080
Category: 📡卫视频道, Name: 三沙卫视, Total: 11, Valid: 11, Valid Percent: 100.00%, Whitelist: 0, IPv4: 11, IPv6: 0, Min Delay: 70 ms, Max Speed: 80.08 M/s, Avg Speed: 46.75 M/s, Max Resolution: 1920x1080
Category: 📡卫视频道, Name: 天津卫视, Total: 14, Valid: 14, Valid Percent: 100.00%, Whitelist: 0, IPv4: 14, IPv6: 0, Min Delay: 70 ms, Max Speed: 80.08 M/s, Avg Speed: 37.67 M/s, Max Resolution: 1920x1080
Category: 📡卫视频道, Name: 西藏卫视, Total: 13, Valid: 13, Valid Percent: 100.00%, Whitelist: 0, IPv4: 11, IPv6: 2, Min Delay: 70 ms, Max Speed: 80.08 M/s, Avg Speed: 33.00 M/s, Max Resolution: 1920x1080
Category: 📡卫视频道, Name: 新疆卫视, Total: 14, Valid: 14, Valid Percent: 100.00%, Whitelist: 0, IPv4: 13, IPv6: 1, Min Delay: 70 ms, Max Speed: 80.08 M/s, Avg Speed: 32.40 M/s, Max Resolution: 1920x1080
Category: 📡卫视频道, Name: 云南卫视, Total: 18, Valid: 18, Valid Percent: 100.00%, Whitelist: 0, IPv4: 17, IPv6: 1, Min Delay: 70 ms, Max Speed: 80.08 M/s, Avg Speed: 42.95 M/s, Max Resolution: 1920x1080
